2025-11-21 23:11:47.030 error: 	mario--Se produjo un error interno del servidor 
Invalid `tx.actividadPerfil.create()` invocation in
C:\Angular\TCUAsociacionAncianos\server\source\controllers\actividadesController.ts:247:38

  244 await tx.actividadPerfil.deleteMany({ where: { idActividad: id } });
  245 
  246 for (const idPerfil of idsPerfiles) {
→ 247   await tx.actividadPerfil.create({
          data: {
            idPerfil: "",
                      ~~
            idActividad: 3
          }
        })

Argument `idPerfil`: Invalid value provided. Expected Int, provided String.
2025-11-21 23:11:48.373 error: 	mario--Se produjo un error interno del servidor 
Invalid `tx.actividadPerfil.create()` invocation in
C:\Angular\TCUAsociacionAncianos\server\source\controllers\actividadesController.ts:247:38

  244 await tx.actividadPerfil.deleteMany({ where: { idActividad: id } });
  245 
  246 for (const idPerfil of idsPerfiles) {
→ 247   await tx.actividadPerfil.create({
          data: {
            idPerfil: "",
                      ~~
            idActividad: 3
          }
        })

Argument `idPerfil`: Invalid value provided. Expected Int, provided String.
